wifi.c:50:15:WIFI_Init	24	static
wifi.c:76:15:WIFI_ListAccessPoints	464	static
wifi.c:111:15:WIFI_Connect	32	static
wifi.c:133:15:WIFI_GetMAC_Address	24	static
wifi.c:148:15:WIFI_GetIP_Address	24	static
wifi.c:165:15:WIFI_Disconnect	16	static
wifi.c:186:15:WIFI_ConfigureAP	96	static
wifi.c:209:15:WIFI_HandleAPEvents	24	static
wifi.c:246:15:WIFI_Ping	24	static
wifi.c:263:15:WIFI_GetHostAddress	24	static
wifi.c:283:15:WIFI_OpenClientConnection	48	static
wifi.c:312:15:WIFI_CloseClientConnection	40	static
wifi.c:332:15:WIFI_StartServer	48	static
wifi.c:350:15:WIFI_StopServer	24	static
wifi.c:366:15:WIFI_SendData	40	static
wifi.c:380:15:WIFI_SendDataTo	48	static
wifi.c:398:15:WIFI_ReceiveData	40	static
wifi.c:410:15:WIFI_ReceiveDataFrom	48	static
wifi.c:427:15:WIFI_SetOEMProperties	24	static
wifi.c:445:15:WIFI_ResetModule	16	static
wifi.c:460:15:WIFI_SetModuleDefault	16	static
wifi.c:477:15:WIFI_ModuleFirmwareUpdate	16	static
wifi.c:487:15:WIFI_GetModuleFwRevision	24	static
wifi.c:504:15:WIFI_GetModuleID	24	static
wifi.c:521:15:WIFI_GetModuleName	24	static
